__ __ __ __ __ __
__ 21 22 23 24 25
__ 20  7  8  9 10
__ 19  6  1  2 11
__ 18  5  4  3 12
__ 17 16 15 14 13
