__ __ __ __ __ __ __ __
__ 43 44 45 46 47 48 49
__ 42 21 22 23 24 25 26
__ 41 20  7  8  9 10 27
__ 40 19  6  1  2 11 28
__ 39 18  5  4  3 12 29
__ 38 17 16 15 14 13 30
__ 37 36 35 34 33 32 31
